IN DT JJ NN , JJ CC JJ NNPS VBP DT NN IN NNP NNP POS VBG DT NN IN JJ JJ NN IN DT NN PRP$ NN VBZ VBN JJ NNS IN NNP NN TO DT JJ NN . DT NN VBD RB $ CD CD IN JJ JJ NN NNS IN NNP NNP DT NN , RB IN DT $ CD CD DT NNP VBD JJ NN .
PRP VBD PRP VBD DT NNP NN ND VB NNS TO VB DT `` JJ NN , '' CC IN DT NNP NN POS NN MD VB PRP JJR NN . RB , DT NN VBZ VBG TO VB RP NNS IN NN RB : $ CD CD : CC DT NN . DT NNP NNS VBP JJ , JJ `` NN '' NNS : NNS VBP $ CD CD IN NNS IN NNP , NNP NNP VBD .
PRP VBP IN NNP NNP CD NN .
`` DT VBZ EX VBZ DT RB JJR NN NN IN DT NNS VBD , '' VBD NNP NNP , JJ JJ NN IN NNP NNP IN NNP . `` PRP VBP RB VB PRP VBZ NN WDT VBZ VBG TO VB DT NN IN JJ NN . CC PRP MD VB NN . ''
IN DT CD NNS , NNP NNS VBD CD NN TO $ CD CD , CC $ CD DT NN , IN $ CD CD , CC $ CD DT NN . NNP VBD JJ IN $ CD CD .
NNPS VBP VBN TO VB TO DT JJ NN WRB IN NNP . WP VBZ JJ IN VBG DT NNPS TO VB TO JJ NNS WRB PRP VBP RB . NNPS VBP JJ CC JJ NNS IN NN IN NNS RB . JJ NNS VBP RB : RB IN NNP , PRP$ NNS VBP RB VBN IN JJ NNS . CC DT NNPS VBP IN JJ NNS RB PRP VBP RP NN . VBP DT NNP VB RB JJ IN PRP MD RB VB JJ JJ NNS .
DT NN VBZ WP NN NN NNS VBP . WRB PRP VBZ , DT NNS VBP NNS IN NNS TO VB DT NN IN NNS ( JJ IN DT CD NNS WDT VBP DT NNP CC NNP POS CD NN NN ) IN WDT NN VBZ JJR CC VBP PRP IN DT RBR JJ NN : PRP VBP IN DT NN IN NN IN NN .
NNP CC NNP VBD JJ NN CC NNS , RB IN NN NNS , VBN TO DT CD NN NN IN JJ NN TO $ CD CD , CC $ CD DT NN , IN $ CD CD , CC CD NNS DT NN . DT CD NNS VBP DT NN IN $ CD CD , CC CD NNS DT NN , IN DT NN IN DT NN . NNS IN DT NN VBD CD NN TO $ CD CD IN $ CD CD .
IN VBG DT NNS , NNP VBD JJ IN DT JJ NNS IN JJ JJ NN NNS VBP VBN RB . PRP VBD DT NN POS JJ NN VBD JJ IN DT JJ NN : NNS VBP DT VBD RB JJ NN NNS RBR IN DT NN VBD RP JJ NN NNS DT NN . TO VB TO VB DT NN NN , NNS VBD VBG NNS : JJ NNS VBD RB CD NN IN NNP , IN NN TO NNS IN CD NN DT IN NNP CC NNP . CC RB RB , DT NN VBZ VBN , CC NN VBZ RB JJ .
DT NNP VBD DT JJ NN VBN IN NNP TO VB NN IN DT NNP NN . IN DT NN VBD DT JJ NN , DT CD NN VBD RB JJ IN DT NNS VBN TO VB NNS IN DT NNP . PRP VBD VBN DT NN IN JJ NNS , WP VBP DT NN VBG NN NN .